[2026-05-24 10:29:51 UTC] Attempt 1
Command: python -m orchestration.tasks.profile_dataset --input data/dummy_dataset_b.csv --dataset Dataset_B --output output/intermediate/Dataset_B_profile.json
CWD: C:\Users\mrcra\Desktop\JK
--- STDOUT ---
{
  "dataset": "Dataset_B",
  "input_path": "data\\dummy_dataset_b.csv",
  "rows": 10,
  "columns": 9,
  "column_names": [
    "sample_id",
    "cohort",
    "condition",
    "gene_MYC",
    "gene_ALK",
    "gene_PTEN",
    "gene_BRAF",
    "copy_number_signal",
    "age"
  ],
  "numeric_columns": [
    "gene_MYC",
    "gene_ALK",
    "gene_PTEN",
    "gene_BRAF",
    "copy_number_signal",
    "age"
  ],
  "missing_values_per_column": {
    "sample_id": 0,
    "cohort": 0,
    "condition": 0,
    "gene_MYC": 0,
    "gene_ALK": 0,
    "gene_PTEN": 0,
    "gene_BRAF": 0,
    "copy_number_signal": 0,
    "age": 0
  },
  "dtypes": {
    "sample_id": "str",
    "cohort": "str",
    "condition": "str",
    "gene_MYC": "float64",
    "gene_ALK": "float64",
    "gene_PTEN": "float64",
    "gene_BRAF": "float64",
    "copy_number_signal": "float64",
    "age": "int64"
  }
}

--- STDERR ---

Exit code: 0

[2026-05-24 10:32:54 UTC] Attempt 1
Command: python -m orchestration.tasks.profile_dataset --input data/dummy_dataset_b.csv --dataset Dataset_B --output output/intermediate/Dataset_B_profile.json
CWD: C:\Users\mrcra\Desktop\JK
--- STDOUT ---
{
  "dataset": "Dataset_B",
  "input_path": "data\\dummy_dataset_b.csv",
  "rows": 10,
  "columns": 9,
  "column_names": [
    "sample_id",
    "cohort",
    "condition",
    "gene_MYC",
    "gene_ALK",
    "gene_PTEN",
    "gene_BRAF",
    "copy_number_signal",
    "age"
  ],
  "numeric_columns": [
    "gene_MYC",
    "gene_ALK",
    "gene_PTEN",
    "gene_BRAF",
    "copy_number_signal",
    "age"
  ],
  "missing_values_per_column": {
    "sample_id": 0,
    "cohort": 0,
    "condition": 0,
    "gene_MYC": 0,
    "gene_ALK": 0,
    "gene_PTEN": 0,
    "gene_BRAF": 0,
    "copy_number_signal": 0,
    "age": 0
  },
  "dtypes": {
    "sample_id": "str",
    "cohort": "str",
    "condition": "str",
    "gene_MYC": "float64",
    "gene_ALK": "float64",
    "gene_PTEN": "float64",
    "gene_BRAF": "float64",
    "copy_number_signal": "float64",
    "age": "int64"
  }
}

--- STDERR ---

Exit code: 0

