[2026-05-24 10:53:45 UTC] Attempt 1
Command: python -m orchestration.tasks.profile_dataset --input "C:/Users/mrcra/Desktop/JK/data/dummy_dataset_a.csv" --dataset "Dataset_01_dummy_dataset_a" --output "output/intermediate/Dataset_01_dummy_dataset_a_profile.json"
CWD: C:\Users\mrcra\Desktop\JK
--- STDOUT ---
{
  "dataset": "Dataset_01_dummy_dataset_a",
  "input_path": "C:\\Users\\mrcra\\Desktop\\JK\\data\\dummy_dataset_a.csv",
  "rows": 10,
  "columns": 9,
  "column_names": [
    "sample_id",
    "cohort",
    "condition",
    "gene_TP53",
    "gene_BRCA1",
    "gene_EGFR",
    "gene_KRAS",
    "mutation_burden",
    "age"
  ],
  "numeric_columns": [
    "gene_TP53",
    "gene_BRCA1",
    "gene_EGFR",
    "gene_KRAS",
    "mutation_burden",
    "age"
  ],
  "missing_values_per_column": {
    "sample_id": 0,
    "cohort": 0,
    "condition": 0,
    "gene_TP53": 0,
    "gene_BRCA1": 0,
    "gene_EGFR": 0,
    "gene_KRAS": 0,
    "mutation_burden": 0,
    "age": 0
  },
  "dtypes": {
    "sample_id": "str",
    "cohort": "str",
    "condition": "str",
    "gene_TP53": "float64",
    "gene_BRCA1": "float64",
    "gene_EGFR": "float64",
    "gene_KRAS": "float64",
    "mutation_burden": "int64",
    "age": "int64"
  }
}

--- STDERR ---

Exit code: 0

