[2026-05-24 10:53:46 UTC] Attempt 1
Command: python -m orchestration.tasks.hypothesis_scan --input "C:/Users/mrcra/Desktop/JK/data/dummy_dataset_b.csv" --dataset "Dataset_02_dummy_dataset_b" --mode "broad" --output "output/intermediate/Dataset_02_dummy_dataset_b_scan.json"
CWD: C:\Users\mrcra\Desktop\JK
--- STDOUT ---
{
  "dataset": "Dataset_02_dummy_dataset_b",
  "mode": "broad",
  "input_path": "C:\\Users\\mrcra\\Desktop\\JK\\data\\dummy_dataset_b.csv",
  "candidate_count": 6,
  "top_candidates": [
    {
      "feature": "age",
      "mean": 57.5,
      "std": 2.8722813232690143,
      "signal_score": 20.018930427935555
    },
    {
      "feature": "gene_PTEN",
      "mean": 2.83,
      "std": 0.911098238391448,
      "signal_score": 3.106141442980121
    },
    {
      "feature": "gene_MYC",
      "mean": 7.63,
      "std": 2.540885672359148,
      "signal_score": 3.002889929287077
    },
    {
      "feature": "gene_BRAF",
      "mean": 4.8100000000000005,
      "std": 1.6232375057273658,
      "signal_score": 2.9632139351545144
    },
    {
      "feature": "copy_number_signal",
      "mean": 1.6700000000000004,
      "std": 0.5967411499134276,
      "signal_score": 2.7985333296417427
    }
  ]
}

--- STDERR ---

Exit code: 0

